
; ---------------------------------------------------------------------
;
; SETUP.LST    - MSSETUP Information File
;
;                Version 2.0
;
;                (c) Copyright 1988-1994 Apple Computer, Inc. All Rights Reserved.
;
; ---------------------------------------------------------------------


[Params]
  WndTitle   = QuickTime for Windows 2.01 Installer
  WndMess    = Initializing Installer...
  TmpDirSize = 1024
  TmpDirName = ~qtw.tmp
  CmdLine    = _mstest setup.mst /C "/S %s %s"
  DrvModName = DSHELL


[Files]
  setup.mst     = setup.mst
  setup.inf     = setup.inf
  setupapi.inc  = setupapi.inc
  msdetect.inc  = msdetect.inc
  msregdb.inc   = msregdb.inc
  msshared.inc  = msshared.inc
  mscomstf.dll  = mscomstf.dll
  msinsstf.dll  = msinsstf.dll
  msuilstf.dll  = msuilstf.dll
  msshlstf.dll  = msshlstf.dll
  msdetstf.dll  = msdetstf.dll
  _mstest.exe   = _mstest.exe
  _mssetup.exe  = _mssetup.exe
  setupenu.dll  = setupenu.dll
  setupenu.hlp  = setupenu.hlp
